[m.wailianvisa.com/index.html]
[backblue.gif]
[fade.gif]
[index.html]
[m.wailianvisa.com/assets/css/layout-8aabd1453acc0a2ce9291266b452e588.css]
[fxgate.baidu.com/angelia/fcagl2d77.js]
[static.leapoon.com/PWebsite/front/common/logo.png_; filename_=utf-8''logo.png]
[m.wailianvisa.com/assets/css/iSlider.css]
[m.wailianvisa.com/activities.html]
[static.leapoon.com/Pwebsite/front/mobile/index/recom01.png_; filename_=utf-8''recom01.png]
[m.wailianvisa.com/articles.html]
[static.leapoon.com/Pwebsite/front/mobile/index/recom03.png_; filename_=utf-8''recom03.png]
[m.wailianvisa.com/about.html]
[static.leapoon.com/Pwebsite/front/mobile/index/recom04.png_; filename_=utf-8''recom04.png]
[m.wailianvisa.com/countries.html]
[m.wailianvisa.com/countries/UsEB-1.html]
[static.leapoon.com/PWebsite_test/t/effc8084-55fd-4499-85cc-9121dcd34527/Usa.jpg_; filename_=utf-8''Usa.jpg]
[m.wailianvisa.com/countries/Canada.html]
[static.leapoon.com/PWebsite_test/t/5382be2b-2be4-4350-8142-34cf37de8096/Canada.jpg_; filename_=utf-8''Canada.jpg]
[m.wailianvisa.com/countries/Hungary.html]
[static.leapoon.com/PWebsite/f602ae50-214c-4cc7-ba47-0d1d7dee97fa/国旗.jpg_; filename_=utf-8''%E5%9B%BD%E6%97%97.jpg]
[m.wailianvisa.com/countries/Malta.html]
[static.leapoon.com/PWebsite_test/t/a33d4b5b-0095-418c-8333-e80d4ad2dd63/Malta.jpg_; filename_=utf-8''Malta.jpg]
[m.wailianvisa.com/countries/Portugal.html]
[static.leapoon.com/PWebsite_test/t/c51c4bc6-b8e7-4ee9-b201-46763d96ba87/Portugal.jpg_; filename_=utf-8''Portugal.jpg]
[m.wailianvisa.com/projects.html]
[static.leapoon.com/PWebsite/d93d013a-7e6f-4946-88af-af123a96b51f/写实自然风光希腊圣托里尼岛海边小镇夕阳余晖帆船航行商业照片_1758166668026.jpg]
[static.leapoon.com/PWebsite_test/t/4ff15940-568e-4a81-8eda-fd9c717ff17f/Greece.jpg_; filename_=utf-8''Greece.jpg]
[static.leapoon.com/PWebsite/a6162d5c-2aff-41ff-9454-4818bbf71a9f/马耳他瓦莱塔河边历史遗迹的美丽日落景观_1758166380804.jpg]
[static.leapoon.com/PWebsite/ee373315-0af1-4b72-a6cb-59f92dcc47d2/日本自然风光东京塔富士山城市建筑蓝天白云雪山商业照片_1758166792143.jpg]
[static.leapoon.com/PWebsite/e205a3f2-07be-429e-b240-a6567c66a5a2/日本国旗.jpg_; filename_=utf-8''%E6%97%A5%E6%9C%AC%E5%9B%BD%E6%97%97.jpg]
[m.wailianvisa.com/articles/2604.html]
[files.leapoon.com/PMarketing/Article/20251111/ot1762845793.png_; filename_=utf-8''ot1762845793.png]
[files.leapoon.com/PMarketing/Article/20251112/ot1762935091.png_; filename_=utf-8''ot1762935091.png]
[m.wailianvisa.com/articles/2603.html]
[files.leapoon.com/PMarketing/Article/20251106/ot1762415262.png_; filename_=utf-8''ot1762415262.png]
[m.wailianvisa.com/articles/2602.html]
[m.wailianvisa.com/assets/js/iSlider.min.js]
[m.wailianvisa.com/assets/js/jquery.min.js]
[m.wailianvisa.com/accounts/login.html]
[m.wailianvisa.com/privacyNotice.html]
[m.wailianvisa.com/assets/js/common.js]
[m.wailianvisa.com/assets/js/vw-polyfill.min.js]
[hm.baidu.com/hm885c.js]
[webchat.7moor.com/javascripts/7moorInit7d48.js]
[www.googleadservices.com/pagead/f.txt]
[m.wailianvisa.com/index.html]
[static.leapoon.com/Pwebsite/mobile/mb-login_bg.png_; filename_=utf-8''mb-login_bg.png]
[m.wailianvisa.com/assets/css/layout-8aabd1453acc0a2ce9291266b452e588.css]
[m.wailianvisa.com/assets/css/reset.css]
[m.wailianvisa.com/assets/css/iSlider.css]
[m.wailianvisa.com/activities/past.html]
[m.wailianvisa.com/activities/29010b0.html]
[static.leapoon.com/PWebsite/0e38dee3-9136-44ca-a21f-8a8300d0d8dc/8a4714371dd7b17b361dd840d8ddff5c.jpg_; filename_=utf-8''8a4714371dd7b17b361dd840d8ddff5c.jpg]
[m.wailianvisa.com/activities0345.html]
[m.wailianvisa.com/activitiesf6f9.html]
[m.wailianvisa.com/activities7155.html]
[m.wailianvisa.com/activities7d08.html]
[m.wailianvisa.com/activities4284.html]
[m.wailianvisa.com/activitiesdb46.html]
[m.wailianvisa.com/activitiesad8c.html]
[m.wailianvisa.com/activities498e.html]
[m.wailianvisa.com/activities1d9b.html]
[m.wailianvisa.com/activitiesc9e6.html]
[m.wailianvisa.com/activitiesf870.html]
[m.wailianvisa.com/activities90a4.html]
[m.wailianvisa.com/activities.html]
[m.wailianvisa.com/activities30c4.html]
[files.leapoon.com/PMarketing/Article/20251107/ot1762481613.png_; filename_=utf-8''ot1762481613.png]
[m.wailianvisa.com/articles/2601.html]
[static.leapoon.com/PWebsite/42a8eb31-44d2-4e79-86e8-b183a4672861/美国国土安全标志的各部门（商业使用）.jpg]
[m.wailianvisa.com/articles/2600.html]
[files.leapoon.com/PMarketing/Article/20251031/ot1761878670.png_; filename_=utf-8''ot1761878670.png]
[m.wailianvisa.com/articles/2599.html]
[files.leapoon.com/PMarketing/Article/20251024/ot1761292409.png_; filename_=utf-8''ot1761292409.png]
[m.wailianvisa.com/articles/2598.html]
[m.wailianvisa.com/articles/2597.html]
[files.leapoon.com/PMarketing/Article/20251029/ot1761726581.png_; filename_=utf-8''ot1761726581.png]
[m.wailianvisa.com/articles/2596.html]
[files.leapoon.com/PMarketing/Article/20251022/ot1761101711.png_; filename_=utf-8''ot1761101711.png]
[m.wailianvisa.com/articles/2595.html]
[static.leapoon.com/PWebsite/e4dcbb22-8c0e-44a0-8284-438b7aa6a2b4/WX20250731-095612@2x.png_; filename_=utf-8''WX20250731-095612@2x.png]
[m.wailianvisa.com/articles.html]
[m.wailianvisa.com/about/company.html]
[files.leapoon.com/PMarketing/Article/20230614/ot1686714143.jpg_; filename_=utf-8''ot1686714143.jpg]
[m.wailianvisa.com/about/responsibility.html]
[files.leapoon.com/PMarketing/Article/20230811/ot1691725935.jpg_; filename_=utf-8''ot1691725935.jpg]
[m.wailianvisa.com/about.html]
[static.leapoon.com/PWebsite/762373a6-4298-4134-9e35-b4b9dccb6b49/美国写实风格纽约市天际线自由女神像高楼大厦城市风光商业照片_1758167097205.jpg]
[static.leapoon.com/PWebsite/750dbb6b-3203-4f55-ac83-e80ebaf43ebb/烟花写实风格多伦多塔夜景烟花灯光节日氛围城市景观商业照片_1758167238232.jpg]
[m.wailianvisa.com/countries/Britain.html]
[static.leapoon.com/PWebsite/cd057f70-c607-4f8c-8a56-648344198578/英国写实自然风光日落时分大本钟威斯敏斯特桥议会大厦伦敦标志性建筑商业照片_1758167829824.png]
[m.wailianvisa.com/countries/Greece.html]
[static.leapoon.com/PWebsite/17fb0656-1b81-4b7b-8078-165708c036da/欧洲印象写实自然风光希腊雅典卫城帕特农神庙古建筑蓝天白云商业照片_1758167911562.png]
[static.leapoon.com/PWebsite/8f77df32-3d2d-4f7a-8f31-ccb61bf14592/城市全景现代城市风光夜晚匈牙利议会大厦多瑙河桥梁车辆行驶商业照片_1758167360402.png]
[static.leapoon.com/PWebsite/b30041e1-44ae-4695-8aed-fcb4c9920e24/港口现代都市风光香港维港两岸高楼大厦风景商业照片_1758175983890.png]
[m.wailianvisa.com/countries/HongKong.html]
[static.leapoon.com/PWebsite/42c97b84-7ba2-4d94-b39b-27064b3cc473/在马耳他斯利马拍摄的宏伟牛排馆_1758175577970.jpg]
[static.leapoon.com/PWebsite/5b4d44ab-c626-41d6-807c-293404e96339/街道复古风黄色有轨电车狭窄街道行驶场景商业照片_1758175843409.png]
[m.wailianvisa.com/countries/Singapore.html]
[static.leapoon.com/PWebsite/3be30627-1fbc-4dd4-8c48-f6c915465289/8k超清现代都市风光照片，新加坡滨海湾金沙酒店位于前景，右侧是滨海湾花园，背景是新加坡金融区高楼群，黄昏时分，天空淡蓝色，建筑和景观被灯光点亮，冷色调为主，点缀(1).jpg]
[m.wailianvisa.com/countries/Japan.html]
[static.leapoon.com/PWebsite/407d92ca-a14c-4039-83cb-6eb28053230e/8k超清照片，自然风光，写实风格，主要为蓝色、橙色和绿色的配色方案。画面中心是一座传统的日本寺庙，寺庙屋顶为橙色，底部为红色，周围是秋天的树木，树叶呈橙色和红色。.jpg]
[m.wailianvisa.com/countries7db0.html]
[m.wailianvisa.com/countries0a5a.html]
[m.wailianvisa.com/countries4c88.html]
[m.wailianvisa.com/countries.html]
[m.wailianvisa.com/countriesa914.html]
[res.wx.qq.com/open/js/jweixin-1.4.0.js]
[m.wailianvisa.com/assets/js/wxShare.js]
[m.wailianvisa.com/projects3cd1.html]
[static.leapoon.com/PWebsite/a7b9922f-cbee-41cf-8e27-b98b85d156e2/手捧人才领导力与人力资源管理的象征1758160542038.jpg]
[m.wailianvisa.com/projects/18.html]
[static.leapoon.com/PWebsite/f5c979cc-9abc-4e5c-834b-477909b18af5/商务人士握手交流1758160230082.jpg_; filename_=utf-8''%E5%95%86%E5%8A%A1%E4%BA%BA%E5%A3%AB%E6%8F%A1%E6%89%8B%E4%BA%A4%E6%B5%811758160230082.jpg]
[m.wailianvisa.com/projects/19.html]
[static.leapoon.com/PWebsite/0bd1331e-5801-425c-8420-dd084f49cdf1/女性艺术家设计师插画师工作室绘画创作人像（商业使用）.jpg]
[m.wailianvisa.com/articles1c93.html]
[files.leapoon.com/PMarketing/Article/20220317/ot1647501666.png_; filename_=utf-8''ot1647501666.png]
[m.wailianvisa.com/articles/2078.html]
[static.leapoon.com/Pwebsite/front/news/20181108164017.jpg_; filename_=utf-8''20181108164017.jpg]
[files.leapoon.com/PMarketing/Article/20220406/ot1649235151.jpg_; filename_=utf-8''ot1649235151.jpg]
[m.wailianvisa.com/articles/2095.html]
[m.wailianvisa.com/articles/580.html]
[static.leapoon.com/PWebsite/59284d06-e103-4bc3-9047-d49192d1050e/想要移民，为什么一定是美国？_副本.jpg]
[static.leapoon.com/Pwebsite/front/nation-detail01.png_; filename_=utf-8''nation-detail01.png]
[static.leapoon.com/Pwebsite/front/nation-detail02.png_; filename_=utf-8''nation-detail02.png]
[static.leapoon.com/Pwebsite/front/nation-detail03.png_; filename_=utf-8''nation-detail03.png]
[static.leapoon.com/Pwebsite/front/nation-detail04.png_; filename_=utf-8''nation-detail04.png]
[static.leapoon.com/PWebsite_test/t/573651c7-b6c4-4fe4-93d1-c1e6f1c90ec2/英国.jpg_; filename_=utf-8''%E8%8B%B1%E5%9B%BD.jpg]
[static.leapoon.com/PWebsite_test/t/7f32efe8-3714-4188-bcd6-37c89e618f16/香港国旗_103-60.jpg_; filename_=utf-8''%E9%A6%99%E6%B8%AF%E5%9B%BD%E6%97%97_103-60.jpg]
[static.leapoon.com/PWebsite_test/t/243e8bac-d826-4fa7-9a87-7ed0e9cf5bf4/国旗_103-60.jpg_; filename_=utf-8''%E5%9B%BD%E6%97%97_103-60.jpg]
[static.leapoon.com/Pwebsite/front/mobile/index/project-reserve.png_; filename_=utf-8''project-reserve.png]
[m.wailianvisa.com/countries/UsEB-1.html]
[m.wailianvisa.com/projectsd710.html]
[m.wailianvisa.com/projects/144.html]
[static.leapoon.com/PWebsite/9d0c5a7f-49c3-4ea3-94a1-457d39dac0e9/加拿大魁省人才项目KV.jpg_; filename_=utf-8''%E5%8A%A0%E6%8B%BF%E5%A4%A7%E9%AD%81%E7%9C%81%E4%BA%BA%E6%89%8D%E9%A1%B9%E7%9B%AEKV.jpg]
[m.wailianvisa.com/projects/63.html]
[static.leapoon.com/PWebsite/f288e393-2262-4045-b8b9-9eded4118bde/pc-banner3.jpg_; filename_=utf-8''pc-banner3.jpg]
[m.wailianvisa.com/projects/37.html]
[static.leapoon.com/PWebsite/fd96b5eb-ef64-48e2-8419-203acd121949/WechatIMG1134.jpg_; filename_=utf-8''WechatIMG1134.jpg]
[m.wailianvisa.com/projects/113.html]
[static.leapoon.com/PWebsite/12889fc4-65d0-442b-a008-b7cc324bf82c/加拿大卡通手绘风成年人群站立行走形成枫叶形状插画_1758162983073.jpg]
[m.wailianvisa.com/projects/74.html]
[static.leapoon.com/PWebsite/c98b1ed1-f9a6-4630-84c9-ed1c3f8c0b5b/温哥华市中心的夜晚，加拿大不列颠哥伦比亚省_1758164259104.jpg]
[m.wailianvisa.com/projects/47.html]
[static.leapoon.com/PWebsite/3ed5d726-7671-497b-8482-2ba1e2c20196/日落时分的温哥华城市天际线_1758164614177.jpg]
[m.wailianvisa.com/projects/20.html]
[static.leapoon.com/PWebsite/cec8ed20-a16a-485f-8d4e-cf8459c8cbda/加拿大自然写实城市风光魁北克Frontenac城堡建筑与河流山脉天空商业照片_1758165144988.jpg]
[m.wailianvisa.com/projects/21.html]
[static.leapoon.com/PWebsite/1e88da37-f1e3-40ef-86a9-e46086b56b34/加拿大简约风加拿大国旗枫叶圆形图案插画_1758165778892.jpg]
[m.wailianvisa.com/projects/38.html]
[static.leapoon.com/PWebsite/6d38dea6-9173-4c6f-8358-d9864078f47e/多伦多简约风格加拿大国旗枫叶图案光影效果商业照片_1758165383391.jpg]
[m.wailianvisa.com/activitiesd115.html]
[m.wailianvisa.com/activities/290.html]
[m.wailianvisa.com/activities/290-2.html]
[m.wailianvisa.com/activities/287.html]
[m.wailianvisa.com/activities/287-2.html]
[static.leapoon.com/PWebsite/8ef44402-b30a-449d-80db-b49db7bd5df1/73045bc235875b92df293739f0f06b82.jpg_; filename_=utf-8''73045bc235875b92df293739f0f06b82.jpg]
[m.wailianvisa.com/countries/videos.html]
[static.leapoon.com/PWebsite/countries/videos/cover/Canada.jpg_; filename_=utf-8''Canada.jpg]
[static.leapoon.com/PWebsite/bf12019a-0aac-41e2-9a6d-e50b4f83e705/团队照片2_副本.jpg_; filename_=utf-8''%E5%9B%A2%E9%98%9F%E7%85%A7%E7%89%872_%E5%89%AF%E6%9C%AC.jpg]
[static.leapoon.com/PWebsite/e8a04a35-2398-43c4-838e-20b5b53e2ccb/团队照片3_副本.jpg_; filename_=utf-8''%E5%9B%A2%E9%98%9F%E7%85%A7%E7%89%873_%E5%89%AF%E6%9C%AC.jpg]
[m.wailianvisa.com/articlesd115.html]
[files.leapoon.com/PMarketing/Article/20250714/ot1752475574.png_; filename_=utf-8''ot1752475574.png]
[m.wailianvisa.com/articles/2565.html]
[files.leapoon.com/PMarketing/Article/20251015/ot1760516584.png_; filename_=utf-8''ot1760516584.png]
[m.wailianvisa.com/countries/Canada.html]
[m.wailianvisa.com/articles/2593.html]
[m.wailianvisa.com/projectsdb3f.html]
[static.leapoon.com/PWebsite/43e04058-beb3-4158-8449-134971023871/葡萄牙.jpg_; filename_=utf-8''%E8%91%A1%E8%90%84%E7%89%99.jpg]
[m.wailianvisa.com/projects/141.html]
[m.wailianvisa.com/articles9c90.html]
[files.leapoon.com/PMarketing/Article/20250714/ot1752474793.png_; filename_=utf-8''ot1752474793.png]
[m.wailianvisa.com/articles/2563.html]
[m.wailianvisa.com/articles/2566.html]
[files.leapoon.com/PMarketing/Article/20250623/ot1750670272.png_; filename_=utf-8''ot1750670272.png]
[m.wailianvisa.com/articles/2591.html]
[files.leapoon.com/PMarketing/Article/20251015/ot1760511745.png_; filename_=utf-8''ot1760511745.png]
[m.wailianvisa.com/countries/Hungary.html]
[m.wailianvisa.com/projects6a2f.html]
[static.leapoon.com/PWebsite/e564cc5b-26c8-4801-8499-e9c4481169cf/马耳他KV新.jpg_; filename_=utf-8''%E9%A9%AC%E8%80%B3%E4%BB%96KV%E6%96%B0.jpg]
[m.wailianvisa.com/activities14e5.html]
[m.wailianvisa.com/activities/285.html]
[m.wailianvisa.com/activities/285-2.html]
[static.leapoon.com/PWebsite/d14e5f22-b619-444c-8179-74ca8899c429/8334e44eec360a58de7ac9a99824eabf.jpg_; filename_=utf-8''8334e44eec360a58de7ac9a99824eabf.jpg]
[m.wailianvisa.com/articles14e5.html]
[m.wailianvisa.com/articles/2568.html]
[files.leapoon.com/PMarketing/Article/20250723/ot1753255821.png_; filename_=utf-8''ot1753255821.png]
[m.wailianvisa.com/articles/2571.html]
[files.leapoon.com/PMarketing/Article/20250731/ot1753929134.png_; filename_=utf-8''ot1753929134.png]
[m.wailianvisa.com/articles/2530.html]
[files.leapoon.com/PMarketing/Article/20250423/ot1745397296.png_; filename_=utf-8''ot1745397296.png]
[m.wailianvisa.com/countries/Malta.html]
[m.wailianvisa.com/projectsb617.html]
[static.leapoon.com/PWebsite/6311fa26-358d-4078-849c-f7edf6568745/葡萄牙白天，年轻女性站在被栅栏包围的平台上观察里斯本_1758162691417.jpg]
[m.wailianvisa.com/projects/64.html]
[m.wailianvisa.com/articles8201.html]
[files.leapoon.com/PMarketing/Article/20250715/ot1752563081.png_; filename_=utf-8''ot1752563081.png]
[m.wailianvisa.com/articles/2567.html]
[m.wailianvisa.com/articles/2585.html]
[files.leapoon.com/PMarketing/Article/20250908/ot1757318872.png_; filename_=utf-8''ot1757318872.png]
[m.wailianvisa.com/articles/2589.html]
[files.leapoon.com/PMarketing/Article/20250925/ot1758786865.png_; filename_=utf-8''ot1758786865.png]
[m.wailianvisa.com/countries/Portugal.html]
[static.leapoon.com/PWebsite/b0dc66d5-a221-41a0-840a-4809f73b2ec5/葡萄牙.jpg_; filename_=utf-8''%E8%91%A1%E8%90%84%E7%89%99.jpg]
[static.leapoon.com/PWebsite/2d9a0cb7-6297-4348-9099-840f05fa8294/加拿大魁省风景1.jpg_; filename_=utf-8''%E5%8A%A0%E6%8B%BF%E5%A4%A7%E9%AD%81%E7%9C%81%E9%A3%8E%E6%99%AF1.jpg]
[static.leapoon.com/PWebsite/6f98934f-2032-4524-8044-d47e958e67ba/图1.jpg_; filename_=utf-8''%E5%9B%BE1.jpg]
[static.leapoon.com/PWebsite/ca22b2f3-8434-40c1-b6b3-c9923badb887/BANNER—MOB.jpg_; filename_=utf-8''BANNER%E2%80%94MOB.jpg]
[static.leapoon.com/PWebsite/d4df9a52-2721-4af5-8c56-9f8dc51d3140/写实自然风光希腊圣托里尼岛海边小镇夕阳余晖帆船航行商业照片_1758166684721.jpg]
[static.leapoon.com/PWebsite/0a2936df-c5f7-4c5d-8029-d5a62e3ef7fc/WechatIMG1134.jpg_; filename_=utf-8''WechatIMG1134.jpg]
[static.leapoon.com/PWebsite/dbc9192f-7aef-4c4c-a118-4fed1fcca4dc/手捧人才领导力与人力资源管理的象征1758160542038.jpg]
[static.leapoon.com/PWebsite/084e028f-e070-41ab-9ec4-aa40cc2e413f/葡萄牙白天，年轻女性站在被栅栏包围的平台上观察里斯本_1758162691417.jpg]
[static.leapoon.com/PWebsite/2c20df04-9920-4e42-8d2a-18390c1e0e14/加拿大卡通手绘风成年人群站立行走形成枫叶形状插画_1758163036251.jpg]
[static.leapoon.com/PWebsite/c7a443e0-31a2-4173-9b7e-b42e03e5b61e/马耳他瓦莱塔河边历史遗迹的美丽日落景观_1758166323036.jpg]
[static.leapoon.com/PWebsite/3d5a7be1-c7d8-4f08-adf6-4ea3d089edbc/日本自然风光东京塔富士山城市建筑蓝天白云雪山商业照片_1758166805700.jpg]
[m.wailianvisa.com/projects/24.html]
[static.leapoon.com/PWebsite/b4ae098c-3ae1-4a6a-894f-c8a1e16b32fc/悉尼港湾大桥日落风光_1758166021331.jpg_; filename_=utf-8''%E6%82%89%E5%B0%BC%E6%B8%AF%E6%B9%BE%E5%A4%A7%E6%A1%A5%E6%97%A5%E8%90%BD%E9%A3%8E%E5%85%89_1758166021331.j]
[static.leapoon.com/PWebsite_test/t/ba61e320-fbf3-4e26-ad88-13489137dd8d/Australia.jpg_; filename_=utf-8''Australia.jpg]
[static.leapoon.com/PWebsite/db661ab4-8f36-4963-8ea6-737a4a3b7168/日落时分的温哥华城市天际线_1758164663272.jpg]
[m.wailianvisa.com/projects/50.html]
[static.leapoon.com/PWebsite/75b23941-f08c-4242-8d2a-17478f5f5578/港口自然风光悉尼歌剧院海鸥飞翔城市天际线商业照片_1758166146810.png]
[m.wailianvisa.com/projects/77.html]
[static.leapoon.com/PWebsite/89738ab1-a977-46be-833e-7a000548a75c/现代都市风光新加坡鱼尾狮公园鱼尾狮雕像喷水景观商业照片（商业使用）.jpg]
[m.wailianvisa.com/projects/100.html]
[static.leapoon.com/PWebsite/7d75d33e-63cb-440f-af15-34ca9c47eb5d/大笨钟国会大厦伦敦英国_1758162008915.png_; filename_=utf-8''%E5%A4%A7%E7%AC%A8%E9%92%9F%E5%9B%BD%E4%BC%9A%E5%A4%A7%E5%8E%A6%E4%BC%A6%E6%95%A6%E8%8B%B1%E5%9B%BD_17581]
[static.leapoon.com/PWebsite/bad60f07-a7a4-442d-87a6-df8de7c11f8c/加拿大简约风加拿大国旗枫叶圆形图案插画_1758165791473.jpg]
[m.wailianvisa.com/projects/41.html]
[static.leapoon.com/PWebsite/c6d83d0e-f6ad-4952-9a47-722a139c23b8/公路现代简约风香港夜景高架道路车灯光轨都市风光商业照片_1758166562343.jpg]
[static.leapoon.com/PWebsite/b781083f-fdd5-489c-8061-d56adc006986/多伦多简约风格加拿大国旗枫叶图案光影效果商业照片_1758165397374.jpg]
[m.wailianvisa.com/projects/102.html]
[static.leapoon.com/PWebsite/051c07e9-2617-47ce-aa27-c00ad503738c/banner12.jpg_; filename_=utf-8''banner12.jpg]
[static.leapoon.com/PWebsite/f1169205-5d54-4929-b603-99e3b4e9d29b/温哥华港景与城市公寓楼和加拿大海湾船。_1758164316517.jpg]
[static.leapoon.com/PWebsite/32d57cf5-c537-438f-804f-7848e67baa75/商务人士握手交流1758160230082.jpg_; filename_=utf-8''%E5%95%86%E5%8A%A1%E4%BA%BA%E5%A3%AB%E6%8F%A1%E6%89%8B%E4%BA%A4%E6%B5%811758160230082.jpg]
[static.leapoon.com/PWebsite_test/t/c5192cfd-2864-46bd-b689-9424e3996662/NIW人才计划.jpg_; filename_=utf-8''NIW%E4%BA%BA%E6%89%8D%E8%AE%A1%E5%88%92.jpg]
[static.leapoon.com/PWebsite/dcec259b-0276-4fec-a2e5-5f3264f82e67/加拿大自然写实城市风光魁北克Frontenac城堡建筑与河流山脉天空商业照片_1758165157617.jpg]
[m.wailianvisa.com/projectsb895.html]
[m.wailianvisa.com/projects99cf.html]
[m.wailianvisa.com/projects5707.html]
[m.wailianvisa.com/projects74f3.html]
[m.wailianvisa.com/projects1ec9.html]
[m.wailianvisa.com/projectsd76b.html]
[m.wailianvisa.com/projectscead.html]
[m.wailianvisa.com/projects.html]
[files.leapoon.com/PMarketing/Article/20251111/ot1762845688.png_; filename_=utf-8''ot1762845688.png]
[m.wailianvisa.com/projects2282.html]
[files.leapoon.com/PMarketing/Article/20251111/ot1762845699.png_; filename_=utf-8''ot1762845699.png]
[files.leapoon.com/PMarketing/Article/20251111/ot1762845706.png_; filename_=utf-8''ot1762845706.png]
[files.leapoon.com/PMarketing/Article/20251111/ot1762845712.png_; filename_=utf-8''ot1762845712.png]
[files.leapoon.com/PMarketing/Article/20251111/ot1762845717.png_; filename_=utf-8''ot1762845717.png]
[files.leapoon.com/PMarketing/Article/20251111/ot1762845724.png_; filename_=utf-8''ot1762845724.png]
[files.leapoon.com/PMarketing/Article/20251111/ot1762845730.png_; filename_=utf-8''ot1762845730.png]
[files.leapoon.com/PMarketing/Article/20251111/ot1762845761.png_; filename_=utf-8''ot1762845761.png]
[m.wailianvisa.com/articles/2604.html]
[files.leapoon.com/PMarketing/Article/20251111/ot1762845793.png_; filename_=utf-8''ot1762845793.png]
[files.leapoon.com/PMarketing/Article/20251112/ot1762934874.png_; filename_=utf-8''ot1762934874.png]
[files.leapoon.com/PMarketing/Article/20251112/ot1762934894.png_; filename_=utf-8''ot1762934894.png]
[files.leapoon.com/PMarketing/Article/20251112/ot1762934905.png_; filename_=utf-8''ot1762934905.png]
[files.leapoon.com/PMarketing/Article/20251112/ot1762934919.png_; filename_=utf-8''ot1762934919.png]
[files.leapoon.com/PMarketing/Article/20251112/ot1762934933.png_; filename_=utf-8''ot1762934933.png]
[files.leapoon.com/PMarketing/Article/20251112/ot1762934944.png_; filename_=utf-8''ot1762934944.png]
[files.leapoon.com/PMarketing/Article/20251112/ot1762934950.png_; filename_=utf-8''ot1762934950.png]
[files.leapoon.com/PMarketing/Article/20251112/ot1762934982.png_; filename_=utf-8''ot1762934982.png]
[files.leapoon.com/PMarketing/Article/20251015/ot1760516547.jpg_; filename_=utf-8''ot1760516547.jpg]
[m.wailianvisa.com/articles/2603.html]
[files.leapoon.com/PMarketing/Article/20251106/ot1762414928.png_; filename_=utf-8''ot1762414928.png]
[files.leapoon.com/PMarketing/Article/20251106/ot1762414939.png_; filename_=utf-8''ot1762414939.png]
[files.leapoon.com/PMarketing/Article/20251106/ot1762414982.png_; filename_=utf-8''ot1762414982.png]
[files.leapoon.com/PMarketing/Article/20251106/ot1762415040.png_; filename_=utf-8''ot1762415040.png]
[files.leapoon.com/PMarketing/Article/20251106/ot1762415049.png_; filename_=utf-8''ot1762415049.png]
[files.leapoon.com/PMarketing/Article/20251106/ot1762415063.png_; filename_=utf-8''ot1762415063.png]
[files.leapoon.com/PMarketing/Article/20251106/ot1762415072.png_; filename_=utf-8''ot1762415072.png]
[files.leapoon.com/PMarketing/Article/20251106/ot1762415083.png_; filename_=utf-8''ot1762415083.png]
[files.leapoon.com/PMarketing/Article/20251106/ot1762415092.png_; filename_=utf-8''ot1762415092.png]
[files.leapoon.com/PMarketing/Article/20251106/ot1762415100.png_; filename_=utf-8''ot1762415100.png]
[files.leapoon.com/PMarketing/Article/20251106/ot1762415120.png_; filename_=utf-8''ot1762415120.png]
[files.leapoon.com/PMarketing/Article/20251106/ot1762415114.png_; filename_=utf-8''ot1762415114.png]
[files.leapoon.com/PMarketing/Article/20251106/ot1762415139.png_; filename_=utf-8''ot1762415139.png]
[m.wailianvisa.com/articles/2602.html]
[m.wailianvisa.com/accounts/register.html]
[m.wailianvisa.com/accounts/forget_password.html]
[static.leapoon.com/Pwebsite/front/mobile/login-success.png_; filename_=utf-8''login-success.png]
[m.wailianvisa.com/accounts/login.html]
[m.wailianvisa.com/privacyNotice.html]
[static.leapoon.com/PWebsite/532e9ee1-f7ad-445c-b3b0-7192bf0f3b82/WX20251023-102329@2x.png_; filename_=utf-8''WX20251023-102329@2x.png]
[m.wailianvisa.com/activities/286.html]
[static.leapoon.com/PWebsite/6a6518a7-b9ac-48dc-8ff8-8f6ddf848c7d/WX20251023-102310@2x.png_; filename_=utf-8''WX20251023-102310@2x.png]
[m.wailianvisa.com/activities/288.html]
[m.wailianvisa.com/activities/289.html]
[static.leapoon.com/PWebsite/2cf5ce0f-8843-49e0-9571-d7283f523b8d/ce82d40a68a34e85cd23848c2228da4a.jpg_; filename_=utf-8''ce82d40a68a34e85cd23848c2228da4a.jpg]
[m.wailianvisa.com/activities/past0345.html]
[m.wailianvisa.com/activities/pastf6f9.html]
[m.wailianvisa.com/activities/past7155.html]
[m.wailianvisa.com/activities/past7d08.html]
[m.wailianvisa.com/activities/past4284.html]
[m.wailianvisa.com/activities/pastdb46.html]
[m.wailianvisa.com/activities/pastad8c.html]
[m.wailianvisa.com/activities/past498e.html]
[m.wailianvisa.com/activities/past1d9b.html]
[m.wailianvisa.com/activities/pastc9e6.html]
[m.wailianvisa.com/activities/pastf870.html]
[m.wailianvisa.com/activities/past90a4.html]
[m.wailianvisa.com/activities/past.html]
[m.wailianvisa.com/activities/past30c4.html]
[static.leapoon.com/PWebsite/UEU/P/image/2025/11/13/13/34/26/加拿大税务直播 1120.png_; filename_=utf-8''%E5%8A%A0%E6%8B%BF%E5%A4%A7%E7%A8%8E%E5%8A%A1%E7%9B%B4%E6%92%AD%201120.png]
[m.wailianvisa.com/activities/29010b0.html]
[m.wailianvisa.com/activities0345.html]
[m.wailianvisa.com/activitiesf6f9.html]
[m.wailianvisa.com/activities7155.html]
[m.wailianvisa.com/activities7d08.html]
[m.wailianvisa.com/activities4284.html]
[m.wailianvisa.com/activitiesdb46.html]
[m.wailianvisa.com/activitiesad8c.html]
[m.wailianvisa.com/activities498e.html]
[m.wailianvisa.com/activities1d9b.html]
[m.wailianvisa.com/activitiesc9e6.html]
[m.wailianvisa.com/activitiesf870.html]
[m.wailianvisa.com/activities90a4.html]
[m.wailianvisa.com/activities30c4.html]
[files.leapoon.com/PMarketing/Article/20251107/ot1762481403.png_; filename_=utf-8''ot1762481403.png]
[files.leapoon.com/PMarketing/Article/20251107/ot1762481420.png_; filename_=utf-8''ot1762481420.png]
[files.leapoon.com/PMarketing/Article/20251107/ot1762481430.png_; filename_=utf-8''ot1762481430.png]
[files.leapoon.com/PMarketing/Article/20251107/ot1762481443.png_; filename_=utf-8''ot1762481443.png]
[files.leapoon.com/PMarketing/Article/20251107/ot1762481456.png_; filename_=utf-8''ot1762481456.png]
[files.leapoon.com/PMarketing/Article/20251107/ot1762481466.png_; filename_=utf-8''ot1762481466.png]
[files.leapoon.com/PMarketing/Article/20251107/ot1762481475.png_; filename_=utf-8''ot1762481475.png]
[files.leapoon.com/PMarketing/Article/20251107/ot1762481496.png_; filename_=utf-8''ot1762481496.png]
[m.wailianvisa.com/articles/2601.html]
[files.leapoon.com/PMarketing/Article/20251107/ot1762481613.png_; filename_=utf-8''ot1762481613.png]
[static.leapoon.com/PWebsite/UEU/P/image/2025/10/31/ot1761806845.png_; filename_=utf-8''ot1761806845.png]
[static.leapoon.com/PWebsite/UEU/P/image/2025/10/31/ot1761806860.png_; filename_=utf-8''ot1761806860.png]
[static.leapoon.com/PWebsite/UEU/P/image/2025/10/31/ot1761806868.png_; filename_=utf-8''ot1761806868.png]
[static.leapoon.com/PWebsite/UEU/P/image/2025/10/31/ot1761806881.png_; filename_=utf-8''ot1761806881.png]
[static.leapoon.com/PWebsite/UEU/P/image/2025/10/31/ot1761806893.png_; filename_=utf-8''ot1761806893.png]
[m.wailianvisa.com/articles/2600.html]
[files.leapoon.com/PMarketing/Article/20251031/ot1761878568.png_; filename_=utf-8''ot1761878568.png]
[m.wailianvisa.com/articles/2599.html]
[files.leapoon.com/PMarketing/Article/20251024/ot1761292059.png_; filename_=utf-8''ot1761292059.png]
[files.leapoon.com/PMarketing/Article/20251024/ot1761292072.png_; filename_=utf-8''ot1761292072.png]
[files.leapoon.com/PMarketing/Article/20251024/ot1761292088.png_; filename_=utf-8''ot1761292088.png]
[files.leapoon.com/PMarketing/Article/20251024/ot1761292101.png_; filename_=utf-8''ot1761292101.png]
[files.leapoon.com/PMarketing/Article/20251024/ot1761292131.png_; filename_=utf-8''ot1761292131.png]
[files.leapoon.com/PMarketing/Article/20251024/ot1761292152.png_; filename_=utf-8''ot1761292152.png]
[files.leapoon.com/PMarketing/Article/20251024/ot1761292299.png_; filename_=utf-8''ot1761292299.png]
[m.wailianvisa.com/articles/2598.html]
[files.leapoon.com/PMarketing/Article/20251024/ot1761292409.png_; filename_=utf-8''ot1761292409.png]
[files.leapoon.com/PMarketing/Article/20251029/ot1761726363.png_; filename_=utf-8''ot1761726363.png]
[files.leapoon.com/PMarketing/Article/20251029/ot1761726459.png_; filename_=utf-8''ot1761726459.png]
[files.leapoon.com/PMarketing/Article/20251029/ot1761726472.png_; filename_=utf-8''ot1761726472.png]
[files.leapoon.com/PMarketing/Article/20251029/ot1761726508.png_; filename_=utf-8''ot1761726508.png]
[files.leapoon.com/PMarketing/Article/20251029/ot1761726518.png_; filename_=utf-8''ot1761726518.png]
[files.leapoon.com/PMarketing/Article/20251029/ot1761726528.jpg_; filename_=utf-8''ot1761726528.jpg]
[m.wailianvisa.com/articles/2597.html]
[files.leapoon.com/PMarketing/Article/20251022/ot1761101300.png_; filename_=utf-8''ot1761101300.png]
[files.leapoon.com/PMarketing/Article/20251022/ot1761101871.png_; filename_=utf-8''ot1761101871.png]
[files.leapoon.com/PMarketing/Article/20251022/ot1761102068.png_; filename_=utf-8''ot1761102068.png]
[m.wailianvisa.com/articles/2596.html]
[static.leapoon.com/PWebsite/UEU/P/image/2025/10/16/ot1760335868.png_; filename_=utf-8''ot1760335868.png]
[static.leapoon.com/PWebsite/UEU/P/image/2025/10/16/ot1760335276.png_; filename_=utf-8''ot1760335276.png]
[static.leapoon.com/PWebsite/UEU/P/image/2025/10/16/ot1760335447.png_; filename_=utf-8''ot1760335447.png]
[m.wailianvisa.com/articles/2595.html]
[files.leapoon.com/PMarketing/Article/20240430/ot1714467359.png_; filename_=utf-8''ot1714467359.png]
[static.leapoon.com/Pwebsite/front/wechat.jpg_; filename_=utf-8''wechat.jpg]
[m.wailianvisa.com/about/company.html]
[static.leapoon.com/Pwebsite/front/about/social_img9.png_; filename_=utf-8''social_img9.png]
[static.leapoon.com/Pwebsite/front/about/social_img8.png_; filename_=utf-8''social_img8.png]
[static.leapoon.com/Pwebsite/front/about/social_img7.png_; filename_=utf-8''social_img7.png]
[files.leapoon.com/PMarketing/Article/20230908/ot1694161042.jpg_; filename_=utf-8''ot1694161042.jpg]
[static.leapoon.com/Pwebsite/front/about/social_img1.png_; filename_=utf-8''social_img1.png]
[m.wailianvisa.com/about/responsibility.html]
[static.leapoon.com/PWebsite/37947c52-db30-40c7-840f-69ef13c1ce0e/大笨钟国会大厦伦敦英国_1758162008915.png_; filename_=utf-8''%E5%A4%A7%E7%AC%A8%E9%92%9F%E5%9B%BD%E4%BC%9A%E5%A4%A7%E5%8E%A6%E4%BC%A6%E6%95%A6%E8%8B%B1%E5%9B%BD_17581]
[m.wailianvisa.com/articles9f78.html]
[files.leapoon.com/PMarketing/Article/20220218/ot1645175698.jpg_; filename_=utf-8''ot1645175698.jpg]
[m.wailianvisa.com/articles/2057.html]
[files.leapoon.com/PMarketing/Article/20230606/ot1686042162.jpg_; filename_=utf-8''ot1686042162.jpg]
[m.wailianvisa.com/articles/2383.html]
[files.leapoon.com/PMarketing/Article/20220520/ot1653028178.jpg_; filename_=utf-8''ot1653028178.jpg]
[m.wailianvisa.com/articles/2128.html]
[m.wailianvisa.com/countries/Britain.html]
[static.leapoon.com/PWebsite/f052ec92-a82a-400f-83ca-26c2922a96b7/国家页-项目推荐图.jpg_; filename_=utf-8''%E5%9B%BD%E5%AE%B6%E9%A1%B5-%E9%A1%B9%E7%9B%AE%E6%8E%A8%E8%8D%90%E5%9B%BE.jpg]
[m.wailianvisa.com/activitiesf0c8.html]
[m.wailianvisa.com/activities/286-2.html]
[static.leapoon.com/PWebsite/countries/videos/cover/Greece.jpg_; filename_=utf-8''Greece.jpg]
[static.leapoon.com/PWebsite/0e26b8fb-b9de-41e5-9f8f-3d4127b2e06a/团队照片1_副本.jpg_; filename_=utf-8''%E5%9B%A2%E9%98%9F%E7%85%A7%E7%89%871_%E5%89%AF%E6%9C%AC.jpg]
[static.leapoon.com/PWebsite/5d61c9fd-5ffa-4c11-b54e-92f38675c318/团队照片2_副本.jpg_; filename_=utf-8''%E5%9B%A2%E9%98%9F%E7%85%A7%E7%89%872_%E5%89%AF%E6%9C%AC.jpg]
[static.leapoon.com/PWebsite/540631fb-4e0d-4041-b450-fa454fefde09/团队照片3_副本.jpg_; filename_=utf-8''%E5%9B%A2%E9%98%9F%E7%85%A7%E7%89%873_%E5%89%AF%E6%9C%AC.jpg]
[static.leapoon.com/PWebsite/41129153-2ed4-4af3-ac1e-ed9da98dcdee/团队照片4_副本.jpg_; filename_=utf-8''%E5%9B%A2%E9%98%9F%E7%85%A7%E7%89%874_%E5%89%AF%E6%9C%AC.jpg]
[m.wailianvisa.com/articlesf0c8.html]
[m.wailianvisa.com/articles/2560.html]
[files.leapoon.com/PMarketing/Article/20250702/ot1751445834.png_; filename_=utf-8''ot1751445834.png]
[m.wailianvisa.com/countries/Greece.html]
[files.leapoon.com/PMarketing/Article/20250711/ot1752218054.png_; filename_=utf-8''ot1752218054.png]
[m.wailianvisa.com/articles/2562.html]
[static.leapoon.com/PWebsite_test/t/088a2f29-6354-4f61-b512-70c1b132009d/国家页-头图_916-240.jpg_; filename_=utf-8''%E5%9B%BD%E5%AE%B6%E9%A1%B5-%E5%A4%B4%E5%9B%BE_916-240.jpg]
[static.leapoon.com/PWebsite/9b153a9f-55b2-46c7-84e6-e8faf05bbd9c/banner12.jpg_; filename_=utf-8''banner12.jpg]
[m.wailianvisa.com/articles7f1c.html]
[files.leapoon.com/PMarketing/Article/20250919/ot1758248445.jpg_; filename_=utf-8''ot1758248445.jpg]
[m.wailianvisa.com/articles/2586.html]
[static.leapoon.com/PWebsite/d472c61a-7f69-4b54-9f12-b719e65561f3/pexels-elevate-digital-784230-1647919.jpg_; filename_=utf-8''pexels-elevate-digital-784230-1647919.jpg]
[m.wailianvisa.com/articles/2541.html]
[files.leapoon.com/PMarketing/Article/20250619/ot1750321329.jpg_; filename_=utf-8''ot1750321329.jpg]
[m.wailianvisa.com/countries/HongKong.html]
[m.wailianvisa.com/articles/2554.html]
[static.leapoon.com/PWebsite/85d117f4-a5cd-4f92-bd45-86508c043d06/现代都市风光新加坡鱼尾狮公园鱼尾狮雕像喷水景观商业照片（商业使用）.jpg]
[m.wailianvisa.com/articles2e3b.html]
[files.leapoon.com/PMarketing/Article/20220322/ot1647950973.jpg_; filename_=utf-8''ot1647950973.jpg]
[m.wailianvisa.com/articles/2098.html]
[files.leapoon.com/PMarketing/Article/20220512/ot1652344158.jpg_; filename_=utf-8''ot1652344158.jpg]
[m.wailianvisa.com/articles/2130.html]
[files.leapoon.com/PMarketing/Article/20230706/ot1688637503.jpg_; filename_=utf-8''ot1688637503.jpg]
[m.wailianvisa.com/countries/Singapore.html]
[m.wailianvisa.com/articles/2420.html]
[static.leapoon.com/PWebsite/cec92b22-188b-441d-9075-f521baee7922/BANNER-MOB（8.9新）.jpg_; filename_=utf-8''BANNER-MOB%EF%BC%888.9%E6%96%B0%EF%BC%89.jpg]
[m.wailianvisa.com/articles2e08.html]
[files.leapoon.com/PMarketing/Article/20250714/ot1752484221.jpg_; filename_=utf-8''ot1752484221.jpg]
[m.wailianvisa.com/articles/2564.html]
[files.leapoon.com/PMarketing/Article/20250730/ot1753883094.jpg_; filename_=utf-8''ot1753883094.jpg]
[m.wailianvisa.com/articles/2572.html]
[m.wailianvisa.com/countries/Japan.html]
[m.wailianvisa.com/countries7db0.html]
[m.wailianvisa.com/countries0a5a.html]
[m.wailianvisa.com/countries4c88.html]
[m.wailianvisa.com/countriesa914.html]
[res.wx.qq.com/open/js/jweixin-1.4.0.js]
[files.leapoon.com/PMarketing/Article/20250821/ot1755748266.png_; filename_=utf-8''ot1755748266.png]
[m.wailianvisa.com/projects3cd1.html]
[static.leapoon.com/PWebsite/dfe74627-53ac-4a35-8e4b-0fc5d9e6399a/EB-1c-项目流程图.jpg_; filename_=utf-8''EB-1c-%E9%A1%B9%E7%9B%AE%E6%B5%81%E7%A8%8B%E5%9B%BE.jpg]
[m.wailianvisa.com/articles/2577.html]
[static.leapoon.com/PWebsite/7c06f1a3-d0a1-4bd5-8713-9376976bdd71/EB-1C费用（2020.9.2最新版）.jpg_; filename_=utf-8''EB-1C%E8%B4%B9%E7%94%A8%EF%BC%882020.9.2%E6%9C%80%E6%96%B0%E7%89%88%EF%BC%89.jpg]
[static.leapoon.com/PWebsite/eff91473-5e7b-4601-987d-be6eedca3a4e/美国律师.jpg_; filename_=utf-8''%E7%BE%8E%E5%9B%BD%E5%BE%8B%E5%B8%88.jpg]
[static.leapoon.com/PWebsite/03c441d0-8b16-4c40-b356-cc027b515c8d/律师1_副本.jpg_; filename_=utf-8''%E5%BE%8B%E5%B8%881_%E5%89%AF%E6%9C%AC.jpg]
[static.leapoon.com/PWebsite/9a2bdb70-3f22-44ca-8945-a7eb16223bca/律师2_副本.jpg_; filename_=utf-8''%E5%BE%8B%E5%B8%882_%E5%89%AF%E6%9C%AC.jpg]
[static.leapoon.com/PWebsite/cecb5e0e-1c17-4a58-8330-33d2cfc22146/律师3_副本.jpg_; filename_=utf-8''%E5%BE%8B%E5%B8%883_%E5%89%AF%E6%9C%AC.jpg]
[m.wailianvisa.com/projects/18.html]
[static.leapoon.com/PWebsite/9893c38b-8868-4067-b2d3-45ab99e66af9/设计师插画师艺术家工作室绘图创作商业照片（商业使用）.jpg]
[static.leapoon.com/PWebsite/c0b7b7eb-f34e-4faf-93bd-02864f3d2654/中国医生手拿病历文件夹摄影图（商业使用）.png]
[static.leapoon.com/PWebsite/f89d484b-554b-4c39-b61d-54204d61571f/带着VR眼镜创作的艺术家（商业使用）.jpg]
[static.leapoon.com/PWebsite/baabfb53-1289-406b-a0cf-1d344d4a2ff9/NIW费用（2020.9.2最新版）.jpg_; filename_=utf-8''NIW%E8%B4%B9%E7%94%A8%EF%BC%882020.9.2%E6%9C%80%E6%96%B0%E7%89%88%EF%BC%89.jpg]
[static.leapoon.com/PWebsite/3bf9de85-af62-4ece-be2d-2afecf0a9f10/美国律师.jpg_; filename_=utf-8''%E7%BE%8E%E5%9B%BD%E5%BE%8B%E5%B8%88.jpg]
[m.wailianvisa.com/projects/19.html]
[files.leapoon.com/PMarketing/Article/20221117/ot1668671842.jpg_; filename_=utf-8''ot1668671842.jpg]
[m.wailianvisa.com/articles/2236.html]
[files.leapoon.com/PMarketing/Article/20190225/ot1551067209airplane-983991_1280.jpg_; filename_=utf-8''ot1551067209airplane-983991_1280.jpg]
[m.wailianvisa.com/articles/548.html]
[m.wailianvisa.com/articles/46.html]
[static.leapoon.com/PWebsite/e1a2e91d-5469-40b2-80bb-2b1fe1745cca/企业家_副本.jpg_; filename_=utf-8''%E4%BC%81%E4%B8%9A%E5%AE%B6_%E5%89%AF%E6%9C%AC.jpg]
[m.wailianvisa.com/articles/43.html]
[static.leapoon.com/PWebsite/4162719f-03eb-4414-94db-f3dae17d33f7/宠物美容师_副本.jpg_; filename_=utf-8''%E5%AE%A0%E7%89%A9%E7%BE%8E%E5%AE%B9%E5%B8%88_%E5%89%AF%E6%9C%AC.jpg]
[m.wailianvisa.com/articles/42.html]
[static.leapoon.com/PWebsite/e12d6af9-2e74-43fa-8789-b1e654b12b5b/导演_副本.jpg_; filename_=utf-8''%E5%AF%BC%E6%BC%94_%E5%89%AF%E6%9C%AC.jpg]
[m.wailianvisa.com/articles/41.html]
[static.leapoon.com/PWebsite/cf46f2ee-177a-4aa4-87a6-e73490c6fc7f/医生_副本.jpg_; filename_=utf-8''%E5%8C%BB%E7%94%9F_%E5%89%AF%E6%9C%AC.jpg]
[m.wailianvisa.com/articles/40.html]
[static.leapoon.com/PWebsite/47b91ca5-c25a-4965-944e-67f5df2f415f/普通大学教授如何一步达标美国EB-1A优才计划拿绿卡？！_副本.jpg]
[m.wailianvisa.com/articles1c93.html]
[files.leapoon.com/PMarketing/Article/20220317/ot1647501424.png_; filename_=utf-8''ot1647501424.png]
[files.leapoon.com/PMarketing/Article/20220317/ot1647501448.png_; filename_=utf-8''ot1647501448.png]
[files.leapoon.com/PMarketing/Article/20220317/ot1647501468.png_; filename_=utf-8''ot1647501468.png]
[files.leapoon.com/PMarketing/Article/20220317/ot1647501495.png_; filename_=utf-8''ot1647501495.png]
[m.wailianvisa.com/articles/2078.html]
[files.leapoon.com/PMarketing/Article/20220406/ot1649234823.png_; filename_=utf-8''ot1649234823.png]
[files.leapoon.com/PMarketing/Article/20220406/ot1649234837.jpg_; filename_=utf-8''ot1649234837.jpg]
[files.leapoon.com/PMarketing/Article/20220406/ot1649235079.jpg_; filename_=utf-8''ot1649235079.jpg]
[files.leapoon.com/PMarketing/Article/20220406/ot1649235090.png_; filename_=utf-8''ot1649235090.png]
[files.leapoon.com/PMarketing/Article/20220406/ot1649235106.png_; filename_=utf-8''ot1649235106.png]
[files.leapoon.com/PMarketing/Article/20220406/ot1649235130.png_; filename_=utf-8''ot1649235130.png]
[m.wailianvisa.com/articles/2095.html]
[files.leapoon.com/PMarketing/Article/image/20190313/1552470576842991.jpg_; filename_=utf-8''1552470576842991.jpg]
[files.leapoon.com/PMarketing/Article/image/20190313/1552470576400835.jpeg_; filename_=utf-8''1552470576400835.jpeg]
[m.wailianvisa.com/articles/580.html]
[m.wailianvisa.com/projectsd710.html]
[static.leapoon.com/PWebsite/c158faa4-5eaa-4a93-8523-b3a3983d1f63/加拿大魁省人才项目申请流程.jpg_; filename_=utf-8''%E5%8A%A0%E6%8B%BF%E5%A4%A7%E9%AD%81%E7%9C%81%E4%BA%BA%E6%89%8D%E9%A1%B9%E7%9B%AE%E7%94%B3%E8%AF%B7%E6%B5%81%E7%A8%8B]
[static.leapoon.com/PWebsite/8ad3b740-b7bd-449c-abb4-70f050fb9dea/加拿大魁省费用1.jpg_; filename_=utf-8''%E5%8A%A0%E6%8B%BF%E5%A4%A7%E9%AD%81%E7%9C%81%E8%B4%B9%E7%94%A81.jpg]
[m.wailianvisa.com/articles/2527.html]
[files.leapoon.com/PMarketing/Article/20250402/ot1743584631.png_; filename_=utf-8''ot1743584631.png]
[files.leapoon.com/PMarketing/Article/20250103/ot1735872187.png_; filename_=utf-8''ot1735872187.png]
[m.wailianvisa.com/articles/2504.html]
[files.leapoon.com/PMarketing/Article/20241218/ot1734501502.png_; filename_=utf-8''ot1734501502.png]
[m.wailianvisa.com/articles/2502.html]
[m.wailianvisa.com/ca/customerc8a7.html]
[m.wailianvisa.com/projects/144.html]
[static.leapoon.com/PWebsite/44120254-a663-41ed-9c78-9ba5709272f4/流程3.jpg_; filename_=utf-8''%E6%B5%81%E7%A8%8B3.jpg]
[m.wailianvisa.com/articles/2126.html]
[files.leapoon.com/PMarketing/Article/20220520/ot1653047765.jpg_; filename_=utf-8''ot1653047765.jpg]
[m.wailianvisa.com/articles/2462.html]
[files.leapoon.com/PMarketing/Article/20240806/ot1722910506.png_; filename_=utf-8''ot1722910506.png]
[m.wailianvisa.com/articles/1604.html]
[files.leapoon.com/PMarketing/Article/20200819/ot1597829266.jpeg_; filename_=utf-8''ot1597829266.jpeg]
[m.wailianvisa.com/projects/63.html]
[static.leapoon.com/PWebsite/e469eb05-5ff3-4df5-821b-7de642629e3c/加拿大NB.jpg_; filename_=utf-8''%E5%8A%A0%E6%8B%BF%E5%A4%A7NB.jpg]
[static.leapoon.com/PWebsite/2d78cb64-db27-4c1e-9691-9ddacf0d189a/WechatIMG1136.jpg_; filename_=utf-8''WechatIMG1136.jpg]
[files.leapoon.com/PMarketing/Article/20210604/ot1622798683.jpg_; filename_=utf-8''ot1622798683.jpg]
[m.wailianvisa.com/articles/1860.html]
[m.wailianvisa.com/articles/2463.html]
[files.leapoon.com/PMarketing/Article/20240812/ot1723445445.jpg_; filename_=utf-8''ot1723445445.jpg]
[m.wailianvisa.com/projects/37.html]
[static.leapoon.com/PWebsite/2d5fd84e-4af6-4f3c-9210-606c237645f5/申请流程.png_; filename_=utf-8''%E7%94%B3%E8%AF%B7%E6%B5%81%E7%A8%8B.png]
[static.leapoon.com/PWebsite/bd2b935f-35f9-410f-81f4-ab04b4378294/WechatIMG675.jpg_; filename_=utf-8''WechatIMG675.jpg]
[files.leapoon.com/PMarketing/Article/20231227/ot1703666705.jpg_; filename_=utf-8''ot1703666705.jpg]
[m.wailianvisa.com/articles/2436.html]
[files.leapoon.com/PMarketing/Article/20231206/ot1701849838.png_; filename_=utf-8''ot1701849838.png]
[m.wailianvisa.com/articles/2437.html]
[m.wailianvisa.com/projects/113.html]
[files.leapoon.com/PMarketing/Article/20231214/ot1702516892.png_; filename_=utf-8''ot1702516892.png]
[m.wailianvisa.com/articles/2434.html]
[static.leapoon.com/PWebsite/20a66ae2-a43b-4471-b9d0-57027215740b/流程.jpg_; filename_=utf-8''%E6%B5%81%E7%A8%8B.jpg]
[static.leapoon.com/PWebsite/965ddf08-d750-41b7-8e92-f9b16adae808/费用.jpg_; filename_=utf-8''%E8%B4%B9%E7%94%A8.jpg]
[m.wailianvisa.com/projects/74.html]
[static.leapoon.com/PWebsite/1818db6c-90e2-449a-8332-29d751827878/试点区域.png_; filename_=utf-8''%E8%AF%95%E7%82%B9%E5%8C%BA%E5%9F%9F.png]
[static.leapoon.com/PWebsite/9cef9ff7-8ba6-413c-8510-d6d8cd2cfc6f/BC省流程（新）.jpg_; filename_=utf-8''BC%E7%9C%81%E6%B5%81%E7%A8%8B%EF%BC%88%E6%96%B0%EF%BC%89.jpg]
[static.leapoon.com/PWebsite/026f14d5-e242-440d-8880-a51f8e8bf2ce/BC省试点费用.jpg_; filename_=utf-8''BC%E7%9C%81%E8%AF%95%E7%82%B9%E8%B4%B9%E7%94%A8.jpg]
[m.wailianvisa.com/articles/63.html]
[static.leapoon.com/PWebsite/595cf623-dba9-46bf-871b-67670906a8c9/陪读妈妈远赴加拿大，做好这一步，不再担心“赔自己还是赔孩子”！_副本.png]
[m.wailianvisa.com/projects/47.html]
[static.leapoon.com/PWebsite/cd74e7db-ca2e-4b7a-8f7b-773b6cb7d588/魁省.jpg_; filename_=utf-8''%E9%AD%81%E7%9C%81.jpg]
[m.wailianvisa.com/projects/20.html]
[static.leapoon.com/PWebsite/c0b5c8fe-d5c4-429d-95f0-edafe78743fa/加拿大-曼省留学移民.jpg_; filename_=utf-8''%E5%8A%A0%E6%8B%BF%E5%A4%A7-%E6%9B%BC%E7%9C%81%E7%95%99%E5%AD%A6%E7%A7%BB%E6%B0%91.jpg]
[static.leapoon.com/PWebsite/9525733b-e53f-4852-81fd-f8c945f98754/WechatIMG676.jpg_; filename_=utf-8''WechatIMG676.jpg]
[m.wailianvisa.com/projects/21.html]
[static.leapoon.com/PWebsite/c106a8dd-2979-4176-8c90-a03cf2da46e3/曼省省提名费用.jpg_; filename_=utf-8''%E6%9B%BC%E7%9C%81%E7%9C%81%E6%8F%90%E5%90%8D%E8%B4%B9%E7%94%A8.jpg]
[m.wailianvisa.com/projects/38.html]
[m.wailianvisa.com/activitiesd115.html]
[m.wailianvisa.com/activities/290.html]
[m.wailianvisa.com/activities/290-2.html]
[static.leapoon.com/PWebsite/UEU/P/image/2025/10/23/10/30/18/官网加拿大.jpg_; filename_=utf-8''%E5%AE%98%E7%BD%91%E5%8A%A0%E6%8B%BF%E5%A4%A7.jpg]
[m.wailianvisa.com/activities/287.html]
[m.wailianvisa.com/activities/287-2.html]
[static.leapoon.com/PWebsite/countries/videos/cover/default.jpeg_; filename_=utf-8''default.jpeg]
[m.wailianvisa.com/countries/videos85df.html]
[m.wailianvisa.com/countries/videos2d1b.html]
[m.wailianvisa.com/countries/videos960e.html]
[m.wailianvisa.com/countries/videose8f8.html]
[m.wailianvisa.com/countries/videos45d7.html]
[m.wailianvisa.com/countries/videos1592.html]
[m.wailianvisa.com/countries/videos.html]
[m.wailianvisa.com/countries/videos8d14.html]
[files.leapoon.com/PMarketing/Article/20250627/ot1750989302.png_; filename_=utf-8''ot1750989302.png]
[m.wailianvisa.com/articles/2557.html]
[files.leapoon.com/PMarketing/Article/20250610/ot1749544938.png_; filename_=utf-8''ot1749544938.png]
[m.wailianvisa.com/articles/2550.html]
[files.leapoon.com/PMarketing/Article/20250526/ot1748241325.png_; filename_=utf-8''ot1748241325.png]
[m.wailianvisa.com/articles/2546.html]
[m.wailianvisa.com/articles/2543.html]
[files.leapoon.com/PMarketing/Article/20250522/ot1747878514.png_; filename_=utf-8''ot1747878514.png]
[files.leapoon.com/PMarketing/Article/20250515/ot1747293350.png_; filename_=utf-8''ot1747293350.png]
[m.wailianvisa.com/articlesd115.html]
[files.leapoon.com/PMarketing/Article/20250714/ot1752475409.png_; filename_=utf-8''ot1752475409.png]
[files.leapoon.com/PMarketing/Article/20250714/ot1752475443.png_; filename_=utf-8''ot1752475443.png]
[files.leapoon.com/PMarketing/Article/20250714/ot1752475453.png_; filename_=utf-8''ot1752475453.png]
[files.leapoon.com/PMarketing/Article/20250714/ot1752475462.png_; filename_=utf-8''ot1752475462.png]
[files.leapoon.com/PMarketing/Article/20250714/ot1752475485.png_; filename_=utf-8''ot1752475485.png]
[files.leapoon.com/PMarketing/Article/20250707/ot1751869236.png_; filename_=utf-8''ot1751869236.png]
[m.wailianvisa.com/articles/2565.html]
[files.leapoon.com/PMarketing/Article/20251015/ot1760515959.png_; filename_=utf-8''ot1760515959.png]
[files.leapoon.com/PMarketing/Article/20251015/ot1760516087.png_; filename_=utf-8''ot1760516087.png]
[files.leapoon.com/PMarketing/Article/20251015/ot1760516101.png_; filename_=utf-8''ot1760516101.png]
[files.leapoon.com/PMarketing/Article/20251015/ot1760516123.png_; filename_=utf-8''ot1760516123.png]
[m.wailianvisa.com/articles/2593.html]
[m.wailianvisa.com/projectsdb3f.html]
[static.leapoon.com/PWebsite/bb7324a0-a62e-4769-a3e4-b1b5f2e66d56/匈牙利流程图.jpg_; filename_=utf-8''%E5%8C%88%E7%89%99%E5%88%A9%E6%B5%81%E7%A8%8B%E5%9B%BE.jpg]
[static.leapoon.com/PWebsite/6e458406-9b39-454b-9457-4a90f836ff8e/匈牙利费用.jpg_; filename_=utf-8''%E5%8C%88%E7%89%99%E5%88%A9%E8%B4%B9%E7%94%A8.jpg]
[m.wailianvisa.com/articles/2495.html]
[files.leapoon.com/PMarketing/Article/20240624/ot1719217762.png_; filename_=utf-8''ot1719217762.png]
[files.leapoon.com/PMarketing/Article/20241129/ot1732870030.jpg_; filename_=utf-8''ot1732870030.jpg]
[m.wailianvisa.com/articles/2496.html]
[files.leapoon.com/PMarketing/Article/20241203/ot1733193745.png_; filename_=utf-8''ot1733193745.png]
[m.wailianvisa.com/articles/2497.html]
[m.wailianvisa.com/ca/customer8432.html]
[m.wailianvisa.com/projects/141.html]
[m.wailianvisa.com/articles/2537.html]
[files.leapoon.com/PMarketing/Article/20250427/ot1745745502.png_; filename_=utf-8''ot1745745502.png]
[m.wailianvisa.com/articles/2582.html]
[files.leapoon.com/PMarketing/Article/20250910/ot1757494628.png_; filename_=utf-8''ot1757494628.png]
[files.leapoon.com/PMarketing/Article/20250114/ot1736839282.png_; filename_=utf-8''ot1736839282.png]
[m.wailianvisa.com/articles/2507.html]
[files.leapoon.com/PMarketing/Article/20241223/ot1734936641.png_; filename_=utf-8''ot1734936641.png]
[m.wailianvisa.com/articles/2503.html]
[files.leapoon.com/PMarketing/Article/20241218/ot1734508734.png_; filename_=utf-8''ot1734508734.png]
[m.wailianvisa.com/articles/2501.html]
[m.wailianvisa.com/articles/2516.html]
[files.leapoon.com/PMarketing/Article/20250227/ot1740624994.png_; filename_=utf-8''ot1740624994.png]
[m.wailianvisa.com/articles/2499.html]
[files.leapoon.com/PMarketing/Article/20241211/ot1733902022.png_; filename_=utf-8''ot1733902022.png]
[m.wailianvisa.com/articles9c90.html]
[files.leapoon.com/PMarketing/Article/20250714/ot1752474503.png_; filename_=utf-8''ot1752474503.png]
[files.leapoon.com/PMarketing/Article/20250714/ot1752474588.png_; filename_=utf-8''ot1752474588.png]
[files.leapoon.com/PMarketing/Article/20250714/ot1752474622.png_; filename_=utf-8''ot1752474622.png]
[files.leapoon.com/PMarketing/Article/20250714/ot1752474631.png_; filename_=utf-8''ot1752474631.png]
[files.leapoon.com/PMarketing/Article/20250714/ot1752474640.png_; filename_=utf-8''ot1752474640.png]
[files.leapoon.com/PMarketing/Article/20250605/ot1749102718.png_; filename_=utf-8''ot1749102718.png]
[m.wailianvisa.com/articles/2563.html]
[files.leapoon.com/PMarketing/Article/20250623/ot1750670018.png_; filename_=utf-8''ot1750670018.png]
[files.leapoon.com/PMarketing/Article/20250623/ot1750670031.png_; filename_=utf-8''ot1750670031.png]
[files.leapoon.com/PMarketing/Article/20250623/ot1750670043.png_; filename_=utf-8''ot1750670043.png]
[files.leapoon.com/PMarketing/Article/20250623/ot1750670061.png_; filename_=utf-8''ot1750670061.png]
[files.leapoon.com/PMarketing/Article/20250623/ot1750670095.png_; filename_=utf-8''ot1750670095.png]
[m.wailianvisa.com/articles/2566.html]
[files.leapoon.com/PMarketing/Article/20250623/ot1750670272.png_; filename_=utf-8''ot1750670272.png]
[files.leapoon.com/PMarketing/Article/20251015/ot1760511363.png_; filename_=utf-8''ot1760511363.png]
[files.leapoon.com/PMarketing/Article/20251015/ot1760511371.png_; filename_=utf-8''ot1760511371.png]
[files.leapoon.com/PMarketing/Article/20251015/ot1760511380.png_; filename_=utf-8''ot1760511380.png]
[files.leapoon.com/PMarketing/Article/20251015/ot1760512463.jpg_; filename_=utf-8''ot1760512463.jpg]
[files.leapoon.com/PMarketing/Article/20251015/ot1760511458.png_; filename_=utf-8''ot1760511458.png]
[files.leapoon.com/PMarketing/Article/20250925/ot1758786778.JPG_; filename_=utf-8''ot1758786778.JPG]
[files.leapoon.com/PMarketing/Article/20250711/ot1752218643.jpg_; filename_=utf-8''ot1752218643.jpg]
[files.leapoon.com/PMarketing/Article/20241203/ot1733193464.jpg_; filename_=utf-8''ot1733193464.jpg]
[files.leapoon.com/PMarketing/Article/20251015/ot1760511640.jpg_; filename_=utf-8''ot1760511640.jpg]
[m.wailianvisa.com/articles/2591.html]
[m.wailianvisa.com/projects6a2f.html]
[m.wailianvisa.com/activities14e5.html]
[static.leapoon.com/PWebsite/UEU/P/image/2025/10/16/16/07/56/官网-马耳他购房.png_; filename_=utf-8''%E5%AE%98%E7%BD%91-%E9%A9%AC%E8%80%B3%E4%BB%96%E8%B4%AD%E6%88%BF.png]
[m.wailianvisa.com/activities/285.html]
[m.wailianvisa.com/activities/285-2.html]
[files.leapoon.com/PMarketing/Article/20250523/ot1747967163.png_; filename_=utf-8''ot1747967163.png]
[m.wailianvisa.com/articles/2542.html]
[m.wailianvisa.com/articles/2512.html]
[files.leapoon.com/PMarketing/Article/20250206/ot1738820306.png_; filename_=utf-8''ot1738820306.png]
[files.leapoon.com/PMarketing/Article/20250117/ot1737093366.png_; filename_=utf-8''ot1737093366.png]
[m.wailianvisa.com/articles/2508.html]
[m.wailianvisa.com/articles/2493.html]
[files.leapoon.com/PMarketing/Article/20241125/ot1732524684.png_; filename_=utf-8''ot1732524684.png]
[files.leapoon.com/PMarketing/Article/20241121/ot1732173599.png_; filename_=utf-8''ot1732173599.png]
[m.wailianvisa.com/articles/2491.html]
[m.wailianvisa.com/articles/2490.html]
[files.leapoon.com/PMarketing/Article/20241120/ot1732070500.png_; filename_=utf-8''ot1732070500.png]
[m.wailianvisa.com/articles/2480.html]
[files.leapoon.com/PMarketing/Article/20241009/ot1728440937.png_; filename_=utf-8''ot1728440937.png]
[m.wailianvisa.com/articles14e5.html]
[files.leapoon.com/PMarketing/Article/20250723/ot1753255513.png_; filename_=utf-8''ot1753255513.png]
[files.leapoon.com/PMarketing/Article/20250723/ot1753255520.png_; filename_=utf-8''ot1753255520.png]
[files.leapoon.com/PMarketing/Article/20250723/ot1753255700.png_; filename_=utf-8''ot1753255700.png]
[files.leapoon.com/PMarketing/Article/20250723/ot1753255717.png_; filename_=utf-8''ot1753255717.png]
[files.leapoon.com/PMarketing/Article/20250723/ot1753255728.png_; filename_=utf-8''ot1753255728.png]
[files.leapoon.com/PMarketing/Article/20250723/ot1753255737.png_; filename_=utf-8''ot1753255737.png]
[files.leapoon.com/PMarketing/Article/20250723/ot1753255745.png_; filename_=utf-8''ot1753255745.png]
[files.leapoon.com/PMarketing/Article/20250723/ot1753255752.png_; filename_=utf-8''ot1753255752.png]
[files.leapoon.com/PMarketing/Article/20250723/ot1753255761.png_; filename_=utf-8''ot1753255761.png]
[files.leapoon.com/PMarketing/Article/20250723/ot1753255770.png_; filename_=utf-8''ot1753255770.png]
[files.leapoon.com/PMarketing/Article/20250723/ot1753255778.png_; filename_=utf-8''ot1753255778.png]
[m.wailianvisa.com/articles/2568.html]
[files.leapoon.com/PMarketing/Article/20250731/ot1753928794.png_; filename_=utf-8''ot1753928794.png]
[files.leapoon.com/PMarketing/Article/20250731/ot1753928817.png_; filename_=utf-8''ot1753928817.png]
[files.leapoon.com/PMarketing/Article/20250731/ot1753928826.png_; filename_=utf-8''ot1753928826.png]
[files.leapoon.com/PMarketing/Article/20250731/ot1753928997.png_; filename_=utf-8''ot1753928997.png]
[files.leapoon.com/PMarketing/Article/20250731/ot1753929005.png_; filename_=utf-8''ot1753929005.png]
[files.leapoon.com/PMarketing/Article/20250731/ot1753929013.png_; filename_=utf-8''ot1753929013.png]
[files.leapoon.com/PMarketing/Article/20250731/ot1753929022.png_; filename_=utf-8''ot1753929022.png]
[files.leapoon.com/PMarketing/Article/20250731/ot1753929054.png_; filename_=utf-8''ot1753929054.png]
[m.wailianvisa.com/articles/2571.html]
[files.leapoon.com/PMarketing/Article/20250423/ot1745397678.jpg_; filename_=utf-8''ot1745397678.jpg]
[files.leapoon.com/PMarketing/Article/20250423/ot1745396718.png_; filename_=utf-8''ot1745396718.png]
[files.leapoon.com/PMarketing/Article/20250423/ot1745396728.png_; filename_=utf-8''ot1745396728.png]
[files.leapoon.com/PMarketing/Article/20250423/ot1745396744.png_; filename_=utf-8''ot1745396744.png]
[files.leapoon.com/PMarketing/Article/20250423/ot1745396767.png_; filename_=utf-8''ot1745396767.png]
[files.leapoon.com/PMarketing/Article/20250423/ot1745396777.png_; filename_=utf-8''ot1745396777.png]
[files.leapoon.com/PMarketing/Article/20250423/ot1745396787.png_; filename_=utf-8''ot1745396787.png]
[m.wailianvisa.com/articles/2530.html]
[m.wailianvisa.com/projectsb617.html]
[static.leapoon.com/PWebsite/UEU/P/image/2020/09/23/10/32/18/image.png_; filename_=utf-8''image.png]
[static.leapoon.com/PWebsite/11792b59-c7ed-4537-8b39-53a7b06a7bbf/流程（新）.jpg_; filename_=utf-8''%E6%B5%81%E7%A8%8B%EF%BC%88%E6%96%B0%EF%BC%89.jpg]
[static.leapoon.com/PWebsite/d214e223-54c9-4f9e-85c2-8b9e6ca34b54/50万费用.jpg_; filename_=utf-8''50%E4%B8%87%E8%B4%B9%E7%94%A8.jpg]
[m.wailianvisa.com/projects/64.html]
[files.leapoon.com/PMarketing/Article/20250704/ot1751608616.png_; filename_=utf-8''ot1751608616.png]
[m.wailianvisa.com/articles/2559.html]
[files.leapoon.com/PMarketing/Article/20250625/ot1750835475.png_; filename_=utf-8''ot1750835475.png]
[m.wailianvisa.com/articles/2556.html]
[files.leapoon.com/PMarketing/Article/20250611/ot1749613404.png_; filename_=utf-8''ot1749613404.png]
[m.wailianvisa.com/articles/2549.html]
[m.wailianvisa.com/articles/2533.html]
[files.leapoon.com/PMarketing/Article/20250508/ot1746684045.png_; filename_=utf-8''ot1746684045.png]
[m.wailianvisa.com/articles/2529.html]
[files.leapoon.com/PMarketing/Article/20250415/ot1744684249.png_; filename_=utf-8''ot1744684249.png]
[files.leapoon.com/PMarketing/Article/20250814/ot1755156999.png_; filename_=utf-8''ot1755156999.png]
[m.wailianvisa.com/articles8201.html]
[m.wailianvisa.com/articles/2575.html]
[files.leapoon.com/PMarketing/Article/20250715/ot1752562863.png_; filename_=utf-8''ot1752562863.png]
[files.leapoon.com/PMarketing/Article/20250715/ot1752562886.png_; filename_=utf-8''ot1752562886.png]
[files.leapoon.com/PMarketing/Article/20250715/ot1752562904.png_; filename_=utf-8''ot1752562904.png]
[files.leapoon.com/PMarketing/Article/20250715/ot1752562911.png_; filename_=utf-8''ot1752562911.png]
[files.leapoon.com/PMarketing/Article/20250715/ot1752562924.png_; filename_=utf-8''ot1752562924.png]
[files.leapoon.com/PMarketing/Article/20250519/ot1747640537.PNG_; filename_=utf-8''ot1747640537.PNG]
[m.wailianvisa.com/articles/2567.html]
[files.leapoon.com/PMarketing/Article/20250908/ot1757318742.png_; filename_=utf-8''ot1757318742.png]
[files.leapoon.com/PMarketing/Article/20250908/ot1757318750.png_; filename_=utf-8''ot1757318750.png]
[files.leapoon.com/PMarketing/Article/20250908/ot1757318756.png_; filename_=utf-8''ot1757318756.png]
[files.leapoon.com/PMarketing/Article/20250908/ot1757318764.png_; filename_=utf-8''ot1757318764.png]
[files.leapoon.com/PMarketing/Article/20250908/ot1757318770.png_; filename_=utf-8''ot1757318770.png]
[files.leapoon.com/PMarketing/Article/20250908/ot1757318776.png_; filename_=utf-8''ot1757318776.png]
[files.leapoon.com/PMarketing/Article/20250908/ot1757318782.png_; filename_=utf-8''ot1757318782.png]
[m.wailianvisa.com/articles/2585.html]
[files.leapoon.com/PMarketing/Article/20250925/ot1758786598.png_; filename_=utf-8''ot1758786598.png]
[files.leapoon.com/PMarketing/Article/20250925/ot1758786606.png_; filename_=utf-8''ot1758786606.png]
[files.leapoon.com/PMarketing/Article/20250925/ot1758786616.png_; filename_=utf-8''ot1758786616.png]
[files.leapoon.com/PMarketing/Article/20250925/ot1758786635.png_; filename_=utf-8''ot1758786635.png]
[files.leapoon.com/PMarketing/Article/20250925/ot1758786645.png_; filename_=utf-8''ot1758786645.png]
[files.leapoon.com/PMarketing/Article/20250925/ot1758786749.png_; filename_=utf-8''ot1758786749.png]
[files.leapoon.com/PMarketing/Article/20250925/ot1758786763.png_; filename_=utf-8''ot1758786763.png]
[m.wailianvisa.com/articles/2589.html]
[static.leapoon.com/PWebsite/ab3e2031-9d57-4c8c-998a-5996e086eb69/188C流程.jpg_; filename_=utf-8''188C%E6%B5%81%E7%A8%8B.jpg]
[static.leapoon.com/PWebsite/UEU/P/image/2019/01/18/15/53/56/image.png_; filename_=utf-8''image.png]
[static.leapoon.com/PWebsite/UEU/P/image/2018/12/14/15/18/04/image.png_; filename_=utf-8''image.png]
[static.leapoon.com/PWebsite/UEU/P/image/2018/12/14/15/18/08/image.png_; filename_=utf-8''image.png]
[static.leapoon.com/PWebsite/UEU/P/image/2018/12/14/15/59/30/image.png_; filename_=utf-8''image.png]
[static.leapoon.com/PWebsite/UEU/P/image/2019/02/27/16/09/07/后续服务.jpg_; filename_=utf-8''%E5%90%8E%E7%BB%AD%E6%9C%8D%E5%8A%A1.jpg]
[m.wailianvisa.com/projects/24.html]
[static.leapoon.com/PWebsite/2dd22f2d-00fd-4d65-b85c-b0f477d3faf6/流程.jpg_; filename_=utf-8''%E6%B5%81%E7%A8%8B.jpg]
[m.wailianvisa.com/projects/50.html]
[static.leapoon.com/PWebsite/cb16c6f4-6c1d-4e1d-82fb-9f55392bb1ae/流程.jpg_; filename_=utf-8''%E6%B5%81%E7%A8%8B.jpg]
[static.leapoon.com/PWebsite/cc9090db-fa7b-4c05-81d8-3a4a548851f3/费用2.jpg_; filename_=utf-8''%E8%B4%B9%E7%94%A82.jpg]
[m.wailianvisa.com/projects/77.html]
[static.leapoon.com/PWebsite/43f64046-437d-45e7-ba0c-76b678da05cf/流程-2023.jpg_; filename_=utf-8''%E6%B5%81%E7%A8%8B-2023.jpg]
[static.leapoon.com/PWebsite/95568e96-daa2-468f-8c09-c8a9c7eddf18/费用-2023.jpg_; filename_=utf-8''%E8%B4%B9%E7%94%A8-2023.jpg]
[m.wailianvisa.com/projects/100.html]
[static.leapoon.com/PWebsite/c07bafdc-9ffe-4b98-b4fc-df61f009dc2d/流程.jpg_; filename_=utf-8''%E6%B5%81%E7%A8%8B.jpg]
[files.leapoon.com/PMarketing/Article/20211028/ot1635398190.jpg_; filename_=utf-8''ot1635398190.jpg]
[m.wailianvisa.com/projects/41.html]
[m.wailianvisa.com/projects/102.html]
[m.wailianvisa.com/projectsb895.html]
[m.wailianvisa.com/projects99cf.html]
[m.wailianvisa.com/projects5707.html]
[m.wailianvisa.com/projects74f3.html]
[m.wailianvisa.com/projects1ec9.html]
[m.wailianvisa.com/projectsd76b.html]
[m.wailianvisa.com/projectscead.html]
[m.wailianvisa.com/projects2282.html]
[m.wailianvisa.com/articles/1980.html]
[files.leapoon.com/PMarketing/Article/20251111/ot1762845712.png_; filename_=utf-8''ot1762845712.png]
[files.leapoon.com/PMarketing/Article/20251111/ot1762845688.png_; filename_=utf-8''ot1762845688.png]
[files.leapoon.com/PMarketing/Article/20251112/ot1762934894.png_; filename_=utf-8''ot1762934894.png]
[files.leapoon.com/PMarketing/Article/20251112/ot1762934905.png_; filename_=utf-8''ot1762934905.png]
[files.leapoon.com/PMarketing/Article/20251112/ot1762934919.png_; filename_=utf-8''ot1762934919.png]
[files.leapoon.com/PMarketing/Article/20251112/ot1762934933.png_; filename_=utf-8''ot1762934933.png]
[files.leapoon.com/PMarketing/Article/20251112/ot1762934950.png_; filename_=utf-8''ot1762934950.png]
[files.leapoon.com/PMarketing/Article/20251112/ot1762934982.png_; filename_=utf-8''ot1762934982.png]
[files.leapoon.com/PMarketing/Article/20251106/ot1762414939.png_; filename_=utf-8''ot1762414939.png]
[files.leapoon.com/PMarketing/Article/20251106/ot1762415049.png_; filename_=utf-8''ot1762415049.png]
[files.leapoon.com/PMarketing/Article/20251106/ot1762415063.png_; filename_=utf-8''ot1762415063.png]
[files.leapoon.com/PMarketing/Article/20251106/ot1762415083.png_; filename_=utf-8''ot1762415083.png]
[files.leapoon.com/PMarketing/Article/20251106/ot1762415092.png_; filename_=utf-8''ot1762415092.png]
[files.leapoon.com/PMarketing/Article/20251106/ot1762415100.png_; filename_=utf-8''ot1762415100.png]
[m.wailianvisa.com/accounts/register.html]
[m.wailianvisa.com/accounts/forget_password.html]
[static.leapoon.com/PWebsite/UEU/P/image/2025/10/23/10/28/45/官网希腊.jpg_; filename_=utf-8''%E5%AE%98%E7%BD%91%E5%B8%8C%E8%85%8A.jpg]
[m.wailianvisa.com/activities/286.html]
[static.leapoon.com/PWebsite/UEU/P/image/2025/10/23/10/34/19/官网苏州.jpg_; filename_=utf-8''%E5%AE%98%E7%BD%91%E8%8B%8F%E5%B7%9E.jpg]
[m.wailianvisa.com/activities/288.html]
[static.leapoon.com/PWebsite/UEU/P/image/2025/10/23/10/35/47/官网美国直播.jpg_; filename_=utf-8''%E5%AE%98%E7%BD%91%E7%BE%8E%E5%9B%BD%E7%9B%B4%E6%92%AD.jpg]
[m.wailianvisa.com/activities/289.html]
[m.wailianvisa.com/activities/past0345.html]
[m.wailianvisa.com/activities/pastf6f9.html]
[m.wailianvisa.com/activities/past7155.html]
[m.wailianvisa.com/activities/past7d08.html]
[m.wailianvisa.com/activities/past4284.html]
[m.wailianvisa.com/activities/pastdb46.html]
[m.wailianvisa.com/activities/pastad8c.html]
[m.wailianvisa.com/activities/past498e.html]
[m.wailianvisa.com/activities/past1d9b.html]
[m.wailianvisa.com/activities/pastc9e6.html]
[m.wailianvisa.com/activities/pastf870.html]
[m.wailianvisa.com/activities/past90a4.html]
[m.wailianvisa.com/activities/past30c4.html]
[files.leapoon.com/PMarketing/Article/20251107/ot1762481403.png_; filename_=utf-8''ot1762481403.png]
[files.leapoon.com/PMarketing/Article/20251107/ot1762481420.png_; filename_=utf-8''ot1762481420.png]
[files.leapoon.com/PMarketing/Article/20251107/ot1762481430.png_; filename_=utf-8''ot1762481430.png]
[files.leapoon.com/PMarketing/Article/20251107/ot1762481443.png_; filename_=utf-8''ot1762481443.png]
[files.leapoon.com/PMarketing/Article/20251107/ot1762481475.png_; filename_=utf-8''ot1762481475.png]
[files.leapoon.com/PMarketing/Article/20251107/ot1762481496.png_; filename_=utf-8''ot1762481496.png]
[files.leapoon.com/PMarketing/Article/20251107/ot1762481613.png_; filename_=utf-8''ot1762481613.png]
[files.leapoon.com/PMarketing/Article/20251024/ot1761292059.png_; filename_=utf-8''ot1761292059.png]
[files.leapoon.com/PMarketing/Article/20251024/ot1761292072.png_; filename_=utf-8''ot1761292072.png]
[files.leapoon.com/PMarketing/Article/20251024/ot1761292088.png_; filename_=utf-8''ot1761292088.png]
[files.leapoon.com/PMarketing/Article/20251024/ot1761292101.png_; filename_=utf-8''ot1761292101.png]
[files.leapoon.com/PMarketing/Article/20251024/ot1761292131.png_; filename_=utf-8''ot1761292131.png]
[files.leapoon.com/PMarketing/Article/20251024/ot1761292152.png_; filename_=utf-8''ot1761292152.png]
[files.leapoon.com/PMarketing/Article/20251024/ot1761292299.png_; filename_=utf-8''ot1761292299.png]
[files.leapoon.com/PMarketing/Article/20251029/ot1761726472.png_; filename_=utf-8''ot1761726472.png]
[files.leapoon.com/PMarketing/Article/20251029/ot1761726508.png_; filename_=utf-8''ot1761726508.png]
[m.wailianvisa.com/articles/2423.html]
[files.leapoon.com/PMarketing/Article/20230720/ot1689821403.jpg_; filename_=utf-8''ot1689821403.jpg]
[m.wailianvisa.com/articles/2421.html]
[files.leapoon.com/PMarketing/Article/20220801/ot1659346079.png_; filename_=utf-8''ot1659346079.png]
[m.wailianvisa.com/articles/2189.html]
[files.leapoon.com/PMarketing/Article/20211029/ot1635482362.jpg_; filename_=utf-8''ot1635482362.jpg]
[m.wailianvisa.com/articles/1974.html]
[files.leapoon.com/PMarketing/Article/20211015/ot1634283745.jpg_; filename_=utf-8''ot1634283745.jpg]
[m.wailianvisa.com/articles/1968.html]
[files.leapoon.com/PMarketing/Article/20211008/ot1633662274.png_; filename_=utf-8''ot1633662274.png]
[m.wailianvisa.com/articles/1960.html]
[files.leapoon.com/PMarketing/Article/20210802/ot1627872947.png_; filename_=utf-8''ot1627872947.png]
[m.wailianvisa.com/articles9f78.html]
[m.wailianvisa.com/articles/1917.html]
[files.leapoon.com/PMarketing/Article/20220218/ot1645175547.png_; filename_=utf-8''ot1645175547.png]
[files.leapoon.com/PMarketing/Article/20220218/ot1645175565.png_; filename_=utf-8''ot1645175565.png]
[files.leapoon.com/PMarketing/Article/20220218/ot1645175587.png_; filename_=utf-8''ot1645175587.png]
[m.wailianvisa.com/articles/2057.html]
[files.leapoon.com/PMarketing/Article/20230606/ot1686041903.png_; filename_=utf-8''ot1686041903.png]
[files.leapoon.com/PMarketing/Article/20230606/ot1686041959.png_; filename_=utf-8''ot1686041959.png]
[files.leapoon.com/PMarketing/Article/20230606/ot1686041986.png_; filename_=utf-8''ot1686041986.png]
[m.wailianvisa.com/articles/2383.html]
[files.leapoon.com/PMarketing/Article/20220520/ot1653027755.gif_; filename_=utf-8''ot1653027755.gif]
[files.leapoon.com/PMarketing/Article/20220520/ot1653027768.gif_; filename_=utf-8''ot1653027768.gif]
[files.leapoon.com/PMarketing/Article/20220520/ot1653027776.png_; filename_=utf-8''ot1653027776.png]
[files.leapoon.com/PMarketing/Article/20220520/ot1653027833.gif_; filename_=utf-8''ot1653027833.gif]
[files.leapoon.com/PMarketing/Article/20220520/ot1653027868.png_; filename_=utf-8''ot1653027868.png]
[files.leapoon.com/PMarketing/Article/20220520/ot1653027879.png_; filename_=utf-8''ot1653027879.png]
[m.wailianvisa.com/articles/2128.html]
[m.wailianvisa.com/activitiesf0c8.html]
[m.wailianvisa.com/activities/286-2.html]
[files.leapoon.com/PMarketing/Article/20250624/ot1750736494.png_; filename_=utf-8''ot1750736494.png]
[m.wailianvisa.com/articles/2558.html]
[files.leapoon.com/PMarketing/Article/20250620/ot1750389488.png_; filename_=utf-8''ot1750389488.png]
[m.wailianvisa.com/articles/2553.html]
[m.wailianvisa.com/articles/2552.html]
[static.leapoon.com/PWebsite/994ba1a4-c97c-446a-898c-1456854b078f/WX20250613-134727@2x.png_; filename_=utf-8''WX20250613-134727@2x.png]
[m.wailianvisa.com/articles/2547.html]
[files.leapoon.com/PMarketing/Article/20250605/ot1749108031.png_; filename_=utf-8''ot1749108031.png]
[m.wailianvisa.com/articles/2545.html]
[files.leapoon.com/PMarketing/Article/20250529/ot1748510773.png_; filename_=utf-8''ot1748510773.png]
[m.wailianvisa.com/articles/2538.html]
[files.leapoon.com/PMarketing/Article/20250516/ot1747376038.png_; filename_=utf-8''ot1747376038.png]
[m.wailianvisa.com/articlesf0c8.html]
[files.leapoon.com/PMarketing/Article/20250702/ot1751445714.png_; filename_=utf-8''ot1751445714.png]
[files.leapoon.com/PMarketing/Article/20250702/ot1751445723.png_; filename_=utf-8''ot1751445723.png]
[files.leapoon.com/PMarketing/Article/20250702/ot1751445738.png_; filename_=utf-8''ot1751445738.png]
[files.leapoon.com/PMarketing/Article/20250702/ot1751445744.png_; filename_=utf-8''ot1751445744.png]
[files.leapoon.com/PMarketing/Article/20250702/ot1751445750.png_; filename_=utf-8''ot1751445750.png]
[files.leapoon.com/PMarketing/Article/20250620/ot1750389456.PNG_; filename_=utf-8''ot1750389456.PNG]
[m.wailianvisa.com/articles/2560.html]
[files.leapoon.com/PMarketing/Article/20250711/ot1752217923.png_; filename_=utf-8''ot1752217923.png]
[files.leapoon.com/PMarketing/Article/20250711/ot1752217939.png_; filename_=utf-8''ot1752217939.png]
